################################################################################
#                                                                              #
#      IAR Universal Linker V6.6.2.104                                         #
#                                                                              #
#           Link time     =  30/May/2022  17:47:59                             #
#           Target CPU    =  x51                                               #
#           List file     =  C:\Users\wuyou\Desktop\cc2544\Debug\List\cc2544.m #
#                            ap                                                #
#           Output file 1 =  C:\Users\wuyou\Desktop\cc2544\Debug\Exe\cc2544.d5 #
#                            1                                                 #
#                            Format: ubrof10                                   #
#                            UBROF version 10.0.6                              #
#                            Using library modules for C-SPY (-rt)             #
#           Command line  =  -f C:\Users\wuyou\AppData\Local\Temp\EW3C90.tmp   #
#                            (C:\Users\wuyou\Desktop\cc2544\Debug\Obj\main.r51 #
#                            C:\Users\wuyou\Desktop\cc2544\Debug\Obj\system.r5 #
#                            1                                                 #
#                            -o                                                #
#                            C:\Users\wuyou\Desktop\cc2544\Debug\Exe\cc2544.d5 #
#                            1                                                 #
#                            -l                                                #
#                            C:\Users\wuyou\Desktop\cc2544\Debug\List\cc2544.m #
#                            ap                                                #
#                            -xms                                              #
#                            "-IC:\Program Files (x86)\IAR Systems\Embedded Wo #
#                            rkbench 8.3\8051\LIB\"                            #
#                            -f                                                #
#                            "C:\Program Files (x86)\IAR Systems\Embedded Work #
#                            bench 8.3\8051\config\devices\Texas Instruments\l #
#                            nk51ew_CC2544F32.xcl"                             #
#                            (-D_IDATA0_START=0x00 -D_IDATA0_END=0xFF          #
#                            -D_PDATA0_START=0x0600 -D_PDATA0_END=0x06FF       #
#                            -D_IXDATA0_START=0x0001 -D_IXDATA0_END=0x06FF     #
#                            -D_XDATA0_START=_IXDATA0_START                    #
#                            -D_XDATA0_END=_IXDATA0_END                        #
#                            -D_CODE0_START=0x0000 -D_CODE0_END=0x7FFF         #
#                            -D?REGISTER_BANK=0x0 -D_REGISTER_BANK_START=0x0   #
#                            -D_BREG_START=0x00 -D?VB=0x20 -D?B=F0 -D?IE=A8    #
#                            -D?IP=A9 -Z(BIT)BREG=_BREG_START                  #
#                            -Z(BIT)BIT_N=0-7F                                 #
#                            -Z(DATA)REGISTERS+8=_REGISTER_BANK_START          #
#                            -Z(DATA)BDATA_Z,BDATA_N,BDATA_I=20-2F             #
#                            -Z(DATA)VREG=08-7F -Z(DATA)PSP,XSP=08-7F          #
#                            -Z(DATA)DOVERLAY=08-7F                            #
#                            -Z(DATA)DATA_I,DATA_Z,DATA_N=08-7F                #
#                            -U(IDATA)0-7F=(DATA)0-7F                          #
#                            -Z(IDATA)IDATA_I,IDATA_Z,IDATA_N=08-_IDATA0_END   #
#                            -Z(IDATA)ISTACK+_IDATA_STACK_SIZE#08-_IDATA0_END  #
#                            -Z(IDATA)IOVERLAY=08-FF -Z(CODE)INTVEC=0          #
#                            -Z(CODE)CSTART=_CODE0_START-_CODE0_END            #
#                            -Z(CODE)BIT_ID,BDATA_ID,DATA_ID,IDATA_ID,IXDATA_I #
#                            D,PDATA_ID,XDATA_ID=_CODE0_START-_CODE0_END       #
#                            -Z(CODE)RCODE,DIFUNCT,CODE_C,CODE_N,NEAR_CODE=_CO #
#                            DE0_START-_CODE0_END                              #
#                            -Z(CODE)CHECKSUM#_CODE0_END                       #
#                            -Z(XDATA)PSTACK+_PDATA_STACK_SIZE=_PDATA0_START-_ #
#                            PDATA0_END                                        #
#                            -Z(XDATA)PDATA_Z,PDATA_I=_PDATA0_START-_PDATA0_EN #
#                            D                                                 #
#                            -P(XDATA)PDATA_N=_PDATA0_START-_PDATA0_END        #
#                            -Z(XDATA)EXT_STACK+_EXTENDED_STACK_SIZE=_EXTENDED #
#                            _STACK_START                                      #
#                            -Z(XDATA)XSTACK+_XDATA_STACK_SIZE=_XDATA0_START-_ #
#                            XDATA0_END                                        #
#                            -Z(XDATA)IXDATA_Z,IXDATA_I=_IXDATA0_START-_IXDATA #
#                            0_END                                             #
#                            -P(XDATA)IXDATA_N=_IXDATA0_START-_IXDATA0_END     #
#                            -Z(XDATA)XDATA_Z,XDATA_I=_XDATA0_START-_XDATA0_EN #
#                            D                                                 #
#                            -P(XDATA)XDATA_N=_XDATA0_START-_XDATA0_END        #
#                            -Z(XDATA)XDATA_HEAP+_XDATA_HEAP_SIZE=_XDATA0_STAR #
#                            T-_XDATA0_END                                     #
#                            -Z(CONST)XDATA_ROM_C=_XDATA0_START-_XDATA0_END    #
#                            -cx51 -D_FLASH_LOCK_BITS_START=0x7FF0             #
#                            -D_FLASH_LOCK_BITS_END=0x7FFF                     #
#                            -Z(CODE)FLASH_LOCK_BITS=_FLASH_LOCK_BITS_START-_F #
#                            LASH_LOCK_BITS_END                                #
#                            -U(CODE)0x0000=(CODE)_FLASH_LOCK_BITS_START-_FLAS #
#                            H_LOCK_BITS_END)                                  #
#                            -D_NR_OF_VIRTUAL_REGISTERS=8 -D?PBANK=0x93        #
#                            -D?CBANK=0xF0 -D?CBANK_MASK=0x30                  #
#                            -e?BCALL_30=?BCALL -e?BRET_30=?BRET               #
#                            -e?BDISPATCH_30=?BDISPATCH                        #
#                            -D_CODEBANK_START=0x8000 -D_CODEBANK_END=0xFFFF   #
#                            -D_NR_OF_BANKS=0x03                               #
#                            "-IC:\Program Files (x86)\IAR Systems\Embedded Wo #
#                            rkbench 8.3\8051\CONFIG\"                         #
#                            -rt -s __program_start                            #
#                            "C:\Program Files (x86)\IAR Systems\Embedded Work #
#                            bench 8.3\8051\LIB\DLIB\dl-pli-nlpd-1e16x01n.r51" #
#                            -D_IDATA_STACK_SIZE=0x40 -D?ESP=0 -D?ESP_MASK=0   #
#                            -D_EXTENDED_STACK_START=0                         #
#                            -D_EXTENDED_STACK_SIZE=0                          #
#                            -D_PDATA_STACK_SIZE=0x80                          #
#                            -D_XDATA_STACK_SIZE=0xEFF                         #
#                            -D_XDATA_HEAP_SIZE=0xFF -D_FAR_HEAP_SIZE=0xFFF    #
#                            -D_HUGE_HEAP_SIZE=0xFFF                           #
#                            -D_FAR22_HEAP_SIZE=0xFFF)                         #
#                                                                              #
#                           Copyright (C) 1987-2019 IAR Systems AB.            #
################################################################################





                ****************************************
                *                                      *
                *           CROSS REFERENCE            *
                *                                      *
                ****************************************

       Program entry at : CODE      00000032  Relocatable, from module : CSTARTUP




                ****************************************
                *                                      *
                *            RUNTIME MODEL             *
                *                                      *
                ****************************************

  __Heap_Handler             = Basic
  __SystemLibrary            = DLib
  __calling_convention       = pdata_reentrant
  __code_model               = near
  __core                     = plain
  __data_model               = large
  __dlib_file_descriptor     = 0
  __dlib_full_locale_support = 0
  __dptr_size                = 16
  __extended_stack           = disabled
  __location_for_constants   = data
  __number_of_dptrs          = 1
  __register_banks           = *
  __rt_version               = 1

                ****************************************
                *                                      *
                *    AUTOMATIC SYMBOL REDIRECTIONS     *
                *                                      *
                ****************************************

                  There are no automatic symbol redirections.



                ****************************************
                *                                      *
                *              MODULE MAP              *
                *                                      *
                ****************************************


  DEFINED ABSOLUTE ENTRIES
    *************************************************************************

  DEFINED ABSOLUTE ENTRIES
  PROGRAM MODULE, NAME : ?ABS_ENTRY_MOD

Absolute parts
           ENTRY                   ADDRESS         REF BY
           =====                   =======         ======
           _FAR22_HEAP_SIZE        00000FFF 
           _HUGE_HEAP_SIZE         00000FFF 
           _FAR_HEAP_SIZE          00000FFF 
           _XDATA_HEAP_SIZE        000000FF 
           _XDATA_STACK_SIZE       00000EFF 
           _PDATA_STACK_SIZE       00000080 
           _EXTENDED_STACK_SIZE    00000000 
           _EXTENDED_STACK_START   00000000 
           ?ESP_MASK               00000000 
           ?ESP                    00000000 
           _IDATA_STACK_SIZE       00000040 
           _NR_OF_BANKS            00000003 
           _CODEBANK_END           0000FFFF 
           _CODEBANK_START         00008000 
           ?CBANK_MASK             00000030 
           ?CBANK                  000000F0 
           ?PBANK                  00000093        ?RESET_PDATA_BANK (CSTARTUP)
           _NR_OF_VIRTUAL_REGISTERS
                                   00000008 
           _FLASH_LOCK_BITS_END    00007FFF 
           _FLASH_LOCK_BITS_START
                                   00007FF0 
           ?IP                     000000A9 
           ?IE                     000000A8 
           ?B                      000000F0 
           ?VB                     00000020        ?FUNC_ENTER_PDATA (?FUNC_ENTER_PDATA)
           _BREG_START             00000000 
           _REGISTER_BANK_START    00000000 
           ?REGISTER_BANK          00000000        Segment part 6 (CSTARTUP)
           _CODE0_END              00007FFF 
           _CODE0_START            00000000 
           _XDATA0_END             000006FF 
           _XDATA0_START           00000001 
           _IXDATA0_END            000006FF 
           _IXDATA0_START          00000001 
           _PDATA0_END             000006FF 
           _PDATA0_START           00000600        __exit (?__exit)
           _IDATA0_END             000000FF 
           _IDATA0_START           00000000 
    *************************************************************************

  FILE NAME : C:\Users\wuyou\Desktop\cc2544\Debug\Obj\main.r51
  PROGRAM MODULE, NAME : main

  SEGMENTS IN THE MODULE
  ======================
SFR_AN
  Relative segment, address: DATA 00000086 - 00000086 (0x1 bytes), align: 0
  Segment part 1. ROOT        Intra module refs:   main
                                                   uart0Send
           ENTRY                   ADDRESS         REF BY
           =====                   =======         ======
           U0CSR                   00000086 
    -------------------------------------------------------------------------
SFR_AN
  Relative segment, address: DATA 000000C1 - 000000C1 (0x1 bytes), align: 0
  Segment part 2. ROOT        Intra module refs:   uart0Send
           ENTRY                   ADDRESS         REF BY
           =====                   =======         ======
           U0DBUF                  000000C1 
    -------------------------------------------------------------------------
SFR_AN
  Relative segment, address: DATA 000000C2 - 000000C2 (0x1 bytes), align: 0
  Segment part 3. ROOT        Intra module refs:   main
           ENTRY                   ADDRESS         REF BY
           =====                   =======         ======
           U0BAUD                  000000C2 
    -------------------------------------------------------------------------
SFR_AN
  Relative segment, address: DATA 000000C4 - 000000C4 (0x1 bytes), align: 0
  Segment part 4. ROOT        Intra module refs:   main
           ENTRY                   ADDRESS         REF BY
           =====                   =======         ======
           U0UCR                   000000C4 
    -------------------------------------------------------------------------
SFR_AN
  Relative segment, address: DATA 000000C5 - 000000C5 (0x1 bytes), align: 0
  Segment part 5. ROOT        Intra module refs:   main
           ENTRY                   ADDRESS         REF BY
           =====                   =======         ======
           U0GCR                   000000C5 
    -------------------------------------------------------------------------
SFR_AN
  Relative segment, address: DATA 000000F4 - 000000F4 (0x1 bytes), align: 0
  Segment part 6. ROOT        Intra module refs:   main
           ENTRY                   ADDRESS         REF BY
           =====                   =======         ======
           P0SEL1                  000000F4 
    -------------------------------------------------------------------------
XDATA_I
  Relative segment, address: XDATA 00000001 - 00000005 (0x5 bytes), align: 0
  Segment part 12.            Intra module refs:   main
           LOCAL                   ADDRESS         
           =====                   =======         
           buffer                  00000001 
    -------------------------------------------------------------------------
NEAR_CODE
  Relative segment, address: CODE 00000077 - 000000A0 (0x2a bytes), align: 0
  Segment part 14.            Intra module refs:   main
           ENTRY                   ADDRESS         REF BY
           =====                   =======         ======
           uart0Send               00000077 
    -------------------------------------------------------------------------
NEAR_CODE
  Relative segment, address: CODE 000000A1 - 000000D9 (0x39 bytes), align: 0
  Segment part 15.
           ENTRY                   ADDRESS         REF BY
           =====                   =======         ======
           main                    000000A1        ?call_main (?cmain)
               calls direct
    -------------------------------------------------------------------------
XDATA_ID
  Relative segment, address: CODE 00000041 - 00000045 (0x5 bytes), align: 0
  Segment part 13.            Intra module refs:   buffer

    *************************************************************************

  FILE NAME : C:\Users\wuyou\Desktop\cc2544\Debug\Obj\system.r51
  PROGRAM MODULE, NAME : system

  SEGMENTS IN THE MODULE
  ======================
SFR_AN
  Relative segment, address: DATA 0000009E - 0000009E (0x1 bytes), align: 0
  Segment part 1. ROOT        Intra module refs:   system_init
           ENTRY                   ADDRESS         REF BY
           =====                   =======         ======
           CLKCONSTA               0000009E 
    -------------------------------------------------------------------------
SFR_AN
  Relative segment, address: DATA 000000C6 - 000000C6 (0x1 bytes), align: 0
  Segment part 2. ROOT        Intra module refs:   system_init
           ENTRY                   ADDRESS         REF BY
           =====                   =======         ======
           CLKCONCMD               000000C6 
    -------------------------------------------------------------------------
NEAR_CODE
  Relative segment, address: CODE 000000DA - 000000E3 (0xa bytes), align: 0
  Segment part 8.
           ENTRY                   ADDRESS         REF BY
           =====                   =======         ======
           system_init             000000DA        main (main)

    *************************************************************************

  FILE NAME : C:\Program Files (x86)\IAR Systems\Embedded Workbench 8.3\8051\LIB\DLIB\dl-pli-nlpd-1e16x01n.r51
  LIBRARY MODULE, NAME : ?__dbg_break

  SEGMENTS IN THE MODULE
  ======================
NEAR_CODE
  Relative segment, address: CODE 000000E4 - 000000E6 (0x3 bytes), align: 0
  Segment part 6.
           ENTRY                   ADDRESS         REF BY
           =====                   =======         ======
           __DebugBreak            000000E4        __exit (?__exit)

    -------------------------------------------------------------------------
  LIBRARY MODULE, NAME : ?__exit

  SEGMENTS IN THE MODULE
  ======================
NEAR_CODE
  Relative segment, address: CODE 000000E7 - 00000105 (0x1f bytes), align: 0
  Segment part 6.
           ENTRY                   ADDRESS         REF BY
           =====                   =======         ======
           __exit                  000000E7        Segment part 10 (?cexit)
               calls direct
               PSTACK = 00000000 ( 00000008 )

    -------------------------------------------------------------------------
  LIBRARY MODULE, NAME : ?cexit

  SEGMENTS IN THE MODULE
  ======================
CSTART
  Relative segment, address: CODE 00000003, align: 0
  Segment part 5.
           ENTRY                   ADDRESS         REF BY
           =====                   =======         ======
           _exit                   00000003        exit (?exit)
               calls direct
    -------------------------------------------------------------------------
CSTART
  Relative segment, address: CODE 00000003 - 00000005 (0x3 bytes), align: 0
  Segment part 10.            Intra module refs:   _exit

    -------------------------------------------------------------------------
  LIBRARY MODULE, NAME : ?cmain

  SEGMENTS IN THE MODULE
  ======================
CSTART
  Relative segment, address: CODE 00000006, align: 0
  Segment part 5.
           ENTRY                   ADDRESS         REF BY
           =====                   =======         ======
           ?cmain                  00000006        Segment part 13 (CSTARTUP)
               calls direct
    -------------------------------------------------------------------------
CSTART
  Relative segment, address: CODE 00000006 - 0000002B (0x26 bytes), align: 0
  Segment part 33.
           ENTRY                   ADDRESS         REF BY
           =====                   =======         ======
           __INIT_XDATA_I          00000006        buffer (main)
    -------------------------------------------------------------------------
DIFUNCT
  Relative segment, address: CODE 00000077, align: 0
  Segment part 38. ROOT 
    -------------------------------------------------------------------------
CSTART
  Relative segment, address: CODE 0000002C - 00000031 (0x6 bytes), align: 0
  Segment part 40.            Intra module refs:   ?cmain
           ENTRY                   ADDRESS         REF BY
           =====                   =======         ======
           ?call_main              0000002C 

    -------------------------------------------------------------------------
  LIBRARY MODULE, NAME : CSTARTUP

  SEGMENTS IN THE MODULE
  ======================
REGISTERS
  Relative segment, address: DATA 00000000, align: 0
  Segment part 0.             Intra module refs:   Segment part 6
           ENTRY                   ADDRESS         REF BY
           =====                   =======         ======
           ?REGISTERS              00000000 
    -------------------------------------------------------------------------
ISTACK
  Relative segment, address: IDATA 000000C0, align: 0
  Segment part 1.             Intra module refs:   Segment part 6
           ENTRY                   ADDRESS         REF BY
           =====                   =======         ======
           ?ISTACK_START           000000C0 
    -------------------------------------------------------------------------
PSTACK
  Relative segment, address: XDATA 00000600, align: 0
  Segment part 2.             Intra module refs:   ?RESET_PSP
           ENTRY                   ADDRESS         REF BY
           =====                   =======         ======
           ?PSTACK_START           00000600 
    -------------------------------------------------------------------------
INTVEC
  Common segment, address: CODE 00000000 - 00000002 (0x3 bytes), align: 0
  Segment part 5. ROOT        Intra module refs:   Segment part 6
    -------------------------------------------------------------------------
CSTART
  Relative segment, address: CODE 00000032 - 00000037 (0x6 bytes), align: 0
  Segment part 6. ROOT        Intra module refs:   Segment part 5
           ENTRY                   ADDRESS         REF BY
           =====                   =======         ======
           __program_start         00000032        Absolute parts (?ABS_ENTRY_MOD)
           ?RESET_SP               00000035 
    -------------------------------------------------------------------------
CSTART
  Relative segment, address: CODE 00000038 - 0000003A (0x3 bytes), align: 0
  Segment part 7.
           ENTRY                   ADDRESS         REF BY
           =====                   =======         ======
           ?RESET_PSP              00000038        ?PSP (VIRTUAL_REGISTERS)
    -------------------------------------------------------------------------
CSTART
  Relative segment, address: CODE 0000003B - 0000003D (0x3 bytes), align: 0
  Segment part 11.            Intra module refs:   ?RESET_PSP
           ENTRY                   ADDRESS         REF BY
           =====                   =======         ======
           ?RESET_PDATA_BANK       0000003B 
    -------------------------------------------------------------------------
CSTART
  Relative segment, address: CODE 0000003E - 00000040 (0x3 bytes), align: 0
  Segment part 13.            Intra module refs:   Absolute parts

    -------------------------------------------------------------------------
  LIBRARY MODULE, NAME : VIRTUAL_REGISTERS

  SEGMENTS IN THE MODULE
  ======================
BREG
  Relative segment, address: BIT 00000020.0 - 00000020.7 (0x8 bits), align: 0
  Segment part 0.
           ENTRY                   ADDRESS         REF BY
           =====                   =======         ======
           ?B0                     00000020.0      Absolute parts (CSTARTUP)
    -------------------------------------------------------------------------
VREG
  Relative segment, address: DATA 00000008 - 00000008 (0x1 bytes), align: 0
  Segment part 1.
           ENTRY                   ADDRESS         REF BY
           =====                   =======         ======
           ?V0                     00000008        ?FUNC_ENTER_PDATA (?FUNC_ENTER_PDATA)
                                                   __exit (?__exit)
    -------------------------------------------------------------------------
PSP
  Relative segment, address: DATA 00000009 - 00000009 (0x1 bytes), align: 0
  Segment part 33.
           ENTRY                   ADDRESS         REF BY
           =====                   =======         ======
           ?PSP                    00000009        ?FUNC_ENTER_PDATA (?FUNC_ENTER_PDATA)
                                                   ?RESET_PSP (CSTARTUP)
                                                   __exit (?__exit)

    -------------------------------------------------------------------------
  LIBRARY MODULE, NAME : ?exit

  SEGMENTS IN THE MODULE
  ======================
NEAR_CODE
  Relative segment, address: CODE 00000106 - 00000109 (0x4 bytes), align: 0
  Segment part 6.
           ENTRY                   ADDRESS         REF BY
           =====                   =======         ======
           exit                    00000106        ?call_main (?cmain)
               calls direct

    -------------------------------------------------------------------------
  LIBRARY MODULE, NAME : ?FUNC_ENTER_PDATA

  SEGMENTS IN THE MODULE
  ======================
RCODE
  Relative segment, address: CODE 00000046 - 00000076 (0x31 bytes), align: 0
  Segment part 0.
           ENTRY                   ADDRESS         REF BY
           =====                   =======         ======
           ?FUNC_ENTER_PDATA       00000046        __exit (?__exit)




                ****************************************
                *                                      *
                *      SEGMENTS IN ADDRESS ORDER       *
                *                                      *
                ****************************************


SEGMENT              SPACE    START ADDRESS   END ADDRESS     SIZE  TYPE  ALIGN
=======              =====    =============   ===========     ====  ====  =====
INTVEC               CODE          00000000 - 00000002           3   com    0
CSTART               CODE          00000003 - 00000040          3E   rel    0
BIT_ID               CODE               00000041                     dse    0
PDATA_ID             CODE               00000041                     dse    0
BDATA_ID             CODE               00000041                     dse    0
IDATA_ID             CODE               00000041                     dse    0
DATA_ID              CODE               00000041                     dse    0
IXDATA_ID            CODE               00000041                     dse    0
XDATA_ID             CODE          00000041 - 00000045           5   rel    0
RCODE                CODE          00000046 - 00000076          31   rel    0
CODE_C               CODE               00000077                     dse    0
DIFUNCT              CODE               00000077                     rel    0
CODE_N               CODE               00000077                     dse    0
NEAR_CODE            CODE          00000077 - 00000109          93   rel    0
REGISTERS            DATA          00000000 - 00000007           8   rel    0
VREG                 DATA          00000008 - 00000008           1   rel    0
PSP                  DATA          00000009 - 00000009           1   rel    0
BREG                 BIT        00000020.0  -  00000020.7        8   rel    0
SFR_AN               DATA          00000086 - 00000086           1   rel    0
                     DATA          0000009E - 0000009E           1 
                     DATA          000000C1 - 000000C2           2 
                     DATA          000000C4 - 000000C6           3 
                     DATA          000000F4 - 000000F4           1 
XDATA_Z              XDATA              00000001                     dse    0
XDATA_I              XDATA         00000001 - 00000005           5   rel    0
PSTACK               XDATA         00000600 - 0000067F          80   rel    0
PDATA_Z              XDATA              00000680                     dse    0
ISTACK               IDATA         000000C0 - 000000FF          40   rel    0

                ****************************************
                *                                      *
                *        END OF CROSS REFERENCE        *
                *                                      *
                ****************************************

 266 bytes of CODE  memory
  10 bytes of DATA  memory (+ 8 absolute )
 133 bytes of XDATA memory
  64 bytes of IDATA memory
   8 bits  of BIT   memory

Errors: none
Warnings: none

